// Vitest Snapshot v1, https://vitest.dev/guide/snapshot.html

exports[`Canvas > renders without errors 1`] = `
{
  "asFragment": [Function],
  "baseElement": <body>
    <div>
      <div
        class="canvas"
        style="width: 150px; height: 150px;"
      >
        <div
          class="cell"
          data-testid="cell-dot-marker"
          style="left: 1px; top: 1px; width: 48px; height: 48px;"
        />
        <div
          class="cell"
          data-testid="cell-dot-marker"
          style="left: 51px; top: 1px; width: 48px; height: 48px;"
        />
        <div
          class="cell"
          data-testid="cell-dot-marker"
          style="left: 101px; top: 1px; width: 48px; height: 48px;"
        />
        <div
          class="cell"
          data-testid="cell-dot-marker"
          style="left: 1px; top: 51px; width: 48px; height: 48px;"
        />
        <div
          class="cell"
          data-testid="cell-dot-marker"
          style="left: 51px; top: 51px; width: 48px; height: 48px;"
        />
        <div
          class="cell"
          data-testid="cell-dot-marker"
          style="left: 101px; top: 51px; width: 48px; height: 48px;"
        />
        <div
          class="cell"
          data-testid="cell-dot-marker"
          style="left: 1px; top: 101px; width: 48px; height: 48px;"
        />
        <div
          class="cell"
          data-testid="cell-dot-marker"
          style="left: 51px; top: 101px; width: 48px; height: 48px;"
        />
        <div
          class="cell"
          data-testid="cell-dot-marker"
          style="left: 101px; top: 101px; width: 48px; height: 48px;"
        />
      </div>
    </div>
  </body>,
  "container": <div>
    <div
      class="canvas"
      style="width: 150px; height: 150px;"
    >
      <div
        class="cell"
        data-testid="cell-dot-marker"
        style="left: 1px; top: 1px; width: 48px; height: 48px;"
      />
      <div
        class="cell"
        data-testid="cell-dot-marker"
        style="left: 51px; top: 1px; width: 48px; height: 48px;"
      />
      <div
        class="cell"
        data-testid="cell-dot-marker"
        style="left: 101px; top: 1px; width: 48px; height: 48px;"
      />
      <div
        class="cell"
        data-testid="cell-dot-marker"
        style="left: 1px; top: 51px; width: 48px; height: 48px;"
      />
      <div
        class="cell"
        data-testid="cell-dot-marker"
        style="left: 51px; top: 51px; width: 48px; height: 48px;"
      />
      <div
        class="cell"
        data-testid="cell-dot-marker"
        style="left: 101px; top: 51px; width: 48px; height: 48px;"
      />
      <div
        class="cell"
        data-testid="cell-dot-marker"
        style="left: 1px; top: 101px; width: 48px; height: 48px;"
      />
      <div
        class="cell"
        data-testid="cell-dot-marker"
        style="left: 51px; top: 101px; width: 48px; height: 48px;"
      />
      <div
        class="cell"
        data-testid="cell-dot-marker"
        style="left: 101px; top: 101px; width: 48px; height: 48px;"
      />
    </div>
  </div>,
  "debug": [Function],
  "findAllByAltText": [Function],
  "findAllByDisplayValue": [Function],
  "findAllByLabelText": [Function],
  "findAllByPlaceholderText": [Function],
  "findAllByRole": [Function],
  "findAllByTestId": [Function],
  "findAllByText": [Function],
  "findAllByTitle": [Function],
  "findByAltText": [Function],
  "findByDisplayValue": [Function],
  "findByLabelText": [Function],
  "findByPlaceholderText": [Function],
  "findByRole": [Function],
  "findByTestId": [Function],
  "findByText": [Function],
  "findByTitle": [Function],
  "getAllByAltText": [Function],
  "getAllByDisplayValue": [Function],
  "getAllByLabelText": [Function],
  "getAllByPlaceholderText": [Function],
  "getAllByRole": [Function],
  "getAllByTestId": [Function],
  "getAllByText": [Function],
  "getAllByTitle": [Function],
  "getByAltText": [Function],
  "getByDisplayValue": [Function],
  "getByLabelText": [Function],
  "getByPlaceholderText": [Function],
  "getByRole": [Function],
  "getByTestId": [Function],
  "getByText": [Function],
  "getByTitle": [Function],
  "queryAllByAltText": [Function],
  "queryAllByDisplayValue": [Function],
  "queryAllByLabelText": [Function],
  "queryAllByPlaceholderText": [Function],
  "queryAllByRole": [Function],
  "queryAllByTestId": [Function],
  "queryAllByText": [Function],
  "queryAllByTitle": [Function],
  "queryByAltText": [Function],
  "queryByDisplayValue": [Function],
  "queryByLabelText": [Function],
  "queryByPlaceholderText": [Function],
  "queryByRole": [Function],
  "queryByTestId": [Function],
  "queryByText": [Function],
  "queryByTitle": [Function],
  "rerender": [Function],
  "unmount": [Function],
}
`;
