// Vitest Snapshot v1, https://vitest.dev/guide/snapshot.html

exports[`App > renders headline 1`] = `
{
  "asFragment": [Function],
  "baseElement": <body>
    <div>
      <div
        class="App"
      >
        <h1>
          Board game prototype
        </h1>
        <div
          class="palette"
        >
          <div
            class="sample"
            style="width: 48px; height: 48px; font-size: 31.68px; color: red; background-color: red; outline-style: solid;"
          >
            🐷
          </div>
          <div
            class="sample"
            style="width: 48px; height: 48px; font-size: 31.68px; color: silver; background-color: silver; outline-style: none;"
          >
            🐱
          </div>
          <div
            class="sample"
            style="width: 48px; height: 48px; font-size: 31.68px; color: navy; background-color: navy; outline-style: none;"
          >
            🐶
          </div>
          <div
            class="sample"
            style="width: 48px; height: 48px; font-size: 31.68px; color: orange; background-color: orange; outline-style: none;"
          >
            🐭
          </div>
          <div
            class="sample"
            style="width: 48px; height: 48px; font-size: 31.68px; color: green; background-color: green; outline-style: none;"
          >
            🦊
          </div>
          <div
            class="sample"
            style="width: 48px; height: 48px; font-size: 31.68px; color: teal; background-color: teal; outline-style: none;"
          >
            🐻
          </div>
          <div
            class="sample"
            style="width: 48px; height: 48px; font-size: 31.68px; color: white; background-color: white; outline-style: none;"
          >
            ❌
          </div>
        </div>
        <br />
        <div
          class="board"
        >
          <div
            class="canvas"
            style="width: 800px; height: 400px;"
          >
            <div
              class="cell"
              data-testid="cell-dot-marker"
              style="left: 16px; top: 16px; width: 48px; height: 48px;"
            />
            <div
              class="cell"
              data-testid="cell-dot-marker"
              style="left: 96px; top: 16px; width: 48px; height: 48px;"
            />
            <div
              class="cell"
              data-testid="cell-dot-marker"
              style="left: 176px; top: 16px; width: 48px; height: 48px;"
            />
            <div
              class="cell"
              data-testid="cell-dot-marker"
              style="left: 256px; top: 16px; width: 48px; height: 48px;"
            />
            <div
              class="cell"
              data-testid="cell-dot-marker"
              style="left: 336px; top: 16px; width: 48px; height: 48px;"
            />
            <div
              class="cell"
              data-testid="cell-dot-marker"
              style="left: 416px; top: 16px; width: 48px; height: 48px;"
            />
            <div
              class="cell"
              data-testid="cell-dot-marker"
              style="left: 496px; top: 16px; width: 48px; height: 48px;"
            />
            <div
              class="cell"
              data-testid="cell-dot-marker"
              style="left: 576px; top: 16px; width: 48px; height: 48px;"
            />
            <div
              class="cell"
              data-testid="cell-dot-marker"
              style="left: 656px; top: 16px; width: 48px; height: 48px;"
            />
            <div
              class="cell"
              data-testid="cell-dot-marker"
              style="left: 736px; top: 16px; width: 48px; height: 48px;"
            />
            <div
              class="cell"
              data-testid="cell-dot-marker"
              style="left: 16px; top: 96px; width: 48px; height: 48px;"
            />
            <div
              class="cell"
              data-testid="cell-dot-marker"
              style="left: 96px; top: 96px; width: 48px; height: 48px;"
            />
            <div
              class="cell"
              data-testid="cell-dot-marker"
              style="left: 176px; top: 96px; width: 48px; height: 48px;"
            />
            <div
              class="cell"
              data-testid="cell-dot-marker"
              style="left: 256px; top: 96px; width: 48px; height: 48px;"
            />
            <div
              class="cell"
              data-testid="cell-dot-marker"
              style="left: 336px; top: 96px; width: 48px; height: 48px;"
            />
            <div
              class="cell"
              data-testid="cell-dot-marker"
              style="left: 416px; top: 96px; width: 48px; height: 48px;"
            />
            <div
              class="cell"
              data-testid="cell-dot-marker"
              style="left: 496px; top: 96px; width: 48px; height: 48px;"
            />
            <div
              class="cell"
              data-testid="cell-dot-marker"
              style="left: 576px; top: 96px; width: 48px; height: 48px;"
            />
            <div
              class="cell"
              data-testid="cell-dot-marker"
              style="left: 656px; top: 96px; width: 48px; height: 48px;"
            />
            <div
              class="cell"
              data-testid="cell-dot-marker"
              style="left: 736px; top: 96px; width: 48px; height: 48px;"
            />
            <div
              class="cell"
              data-testid="cell-dot-marker"
              style="left: 16px; top: 176px; width: 48px; height: 48px;"
            />
            <div
              class="cell"
              data-testid="cell-dot-marker"
              style="left: 96px; top: 176px; width: 48px; height: 48px;"
            />
            <div
              class="cell"
              data-testid="cell-dot-marker"
              style="left: 176px; top: 176px; width: 48px; height: 48px;"
            />
            <div
              class="cell"
              data-testid="cell-dot-marker"
              style="left: 256px; top: 176px; width: 48px; height: 48px;"
            />
            <div
              class="cell"
              data-testid="cell-dot-marker"
              style="left: 336px; top: 176px; width: 48px; height: 48px;"
            />
            <div
              class="cell"
              data-testid="cell-dot-marker"
              style="left: 416px; top: 176px; width: 48px; height: 48px;"
            />
            <div
              class="cell"
              data-testid="cell-dot-marker"
              style="left: 496px; top: 176px; width: 48px; height: 48px;"
            />
            <div
              class="cell"
              data-testid="cell-dot-marker"
              style="left: 576px; top: 176px; width: 48px; height: 48px;"
            />
            <div
              class="cell"
              data-testid="cell-dot-marker"
              style="left: 656px; top: 176px; width: 48px; height: 48px;"
            />
            <div
              class="cell"
              data-testid="cell-dot-marker"
              style="left: 736px; top: 176px; width: 48px; height: 48px;"
            />
            <div
              class="cell"
              data-testid="cell-dot-marker"
              style="left: 16px; top: 256px; width: 48px; height: 48px;"
            />
            <div
              class="cell"
              data-testid="cell-dot-marker"
              style="left: 96px; top: 256px; width: 48px; height: 48px;"
            />
            <div
              class="cell"
              data-testid="cell-dot-marker"
              style="left: 176px; top: 256px; width: 48px; height: 48px;"
            />
            <div
              class="cell"
              data-testid="cell-dot-marker"
              style="left: 256px; top: 256px; width: 48px; height: 48px;"
            />
            <div
              class="cell"
              data-testid="cell-dot-marker"
              style="left: 336px; top: 256px; width: 48px; height: 48px;"
            />
            <div
              class="cell"
              data-testid="cell-dot-marker"
              style="left: 416px; top: 256px; width: 48px; height: 48px;"
            />
            <div
              class="cell"
              data-testid="cell-dot-marker"
              style="left: 496px; top: 256px; width: 48px; height: 48px;"
            />
            <div
              class="cell"
              data-testid="cell-dot-marker"
              style="left: 576px; top: 256px; width: 48px; height: 48px;"
            />
            <div
              class="cell"
              data-testid="cell-dot-marker"
              style="left: 656px; top: 256px; width: 48px; height: 48px;"
            />
            <div
              class="cell"
              data-testid="cell-dot-marker"
              style="left: 736px; top: 256px; width: 48px; height: 48px;"
            />
            <div
              class="cell"
              data-testid="cell-dot-marker"
              style="left: 16px; top: 336px; width: 48px; height: 48px;"
            />
            <div
              class="cell"
              data-testid="cell-dot-marker"
              style="left: 96px; top: 336px; width: 48px; height: 48px;"
            />
            <div
              class="cell"
              data-testid="cell-dot-marker"
              style="left: 176px; top: 336px; width: 48px; height: 48px;"
            />
            <div
              class="cell"
              data-testid="cell-dot-marker"
              style="left: 256px; top: 336px; width: 48px; height: 48px;"
            />
            <div
              class="cell"
              data-testid="cell-dot-marker"
              style="left: 336px; top: 336px; width: 48px; height: 48px;"
            />
            <div
              class="cell"
              data-testid="cell-dot-marker"
              style="left: 416px; top: 336px; width: 48px; height: 48px;"
            />
            <div
              class="cell"
              data-testid="cell-dot-marker"
              style="left: 496px; top: 336px; width: 48px; height: 48px;"
            />
            <div
              class="cell"
              data-testid="cell-dot-marker"
              style="left: 576px; top: 336px; width: 48px; height: 48px;"
            />
            <div
              class="cell"
              data-testid="cell-dot-marker"
              style="left: 656px; top: 336px; width: 48px; height: 48px;"
            />
            <div
              class="cell"
              data-testid="cell-dot-marker"
              style="left: 736px; top: 336px; width: 48px; height: 48px;"
            />
          </div>
        </div>
      </div>
    </div>
  </body>,
  "container": <div>
    <div
      class="App"
    >
      <h1>
        Board game prototype
      </h1>
      <div
        class="palette"
      >
        <div
          class="sample"
          style="width: 48px; height: 48px; font-size: 31.68px; color: red; background-color: red; outline-style: solid;"
        >
          🐷
        </div>
        <div
          class="sample"
          style="width: 48px; height: 48px; font-size: 31.68px; color: silver; background-color: silver; outline-style: none;"
        >
          🐱
        </div>
        <div
          class="sample"
          style="width: 48px; height: 48px; font-size: 31.68px; color: navy; background-color: navy; outline-style: none;"
        >
          🐶
        </div>
        <div
          class="sample"
          style="width: 48px; height: 48px; font-size: 31.68px; color: orange; background-color: orange; outline-style: none;"
        >
          🐭
        </div>
        <div
          class="sample"
          style="width: 48px; height: 48px; font-size: 31.68px; color: green; background-color: green; outline-style: none;"
        >
          🦊
        </div>
        <div
          class="sample"
          style="width: 48px; height: 48px; font-size: 31.68px; color: teal; background-color: teal; outline-style: none;"
        >
          🐻
        </div>
        <div
          class="sample"
          style="width: 48px; height: 48px; font-size: 31.68px; color: white; background-color: white; outline-style: none;"
        >
          ❌
        </div>
      </div>
      <br />
      <div
        class="board"
      >
        <div
          class="canvas"
          style="width: 800px; height: 400px;"
        >
          <div
            class="cell"
            data-testid="cell-dot-marker"
            style="left: 16px; top: 16px; width: 48px; height: 48px;"
          />
          <div
            class="cell"
            data-testid="cell-dot-marker"
            style="left: 96px; top: 16px; width: 48px; height: 48px;"
          />
          <div
            class="cell"
            data-testid="cell-dot-marker"
            style="left: 176px; top: 16px; width: 48px; height: 48px;"
          />
          <div
            class="cell"
            data-testid="cell-dot-marker"
            style="left: 256px; top: 16px; width: 48px; height: 48px;"
          />
          <div
            class="cell"
            data-testid="cell-dot-marker"
            style="left: 336px; top: 16px; width: 48px; height: 48px;"
          />
          <div
            class="cell"
            data-testid="cell-dot-marker"
            style="left: 416px; top: 16px; width: 48px; height: 48px;"
          />
          <div
            class="cell"
            data-testid="cell-dot-marker"
            style="left: 496px; top: 16px; width: 48px; height: 48px;"
          />
          <div
            class="cell"
            data-testid="cell-dot-marker"
            style="left: 576px; top: 16px; width: 48px; height: 48px;"
          />
          <div
            class="cell"
            data-testid="cell-dot-marker"
            style="left: 656px; top: 16px; width: 48px; height: 48px;"
          />
          <div
            class="cell"
            data-testid="cell-dot-marker"
            style="left: 736px; top: 16px; width: 48px; height: 48px;"
          />
          <div
            class="cell"
            data-testid="cell-dot-marker"
            style="left: 16px; top: 96px; width: 48px; height: 48px;"
          />
          <div
            class="cell"
            data-testid="cell-dot-marker"
            style="left: 96px; top: 96px; width: 48px; height: 48px;"
          />
          <div
            class="cell"
            data-testid="cell-dot-marker"
            style="left: 176px; top: 96px; width: 48px; height: 48px;"
          />
          <div
            class="cell"
            data-testid="cell-dot-marker"
            style="left: 256px; top: 96px; width: 48px; height: 48px;"
          />
          <div
            class="cell"
            data-testid="cell-dot-marker"
            style="left: 336px; top: 96px; width: 48px; height: 48px;"
          />
          <div
            class="cell"
            data-testid="cell-dot-marker"
            style="left: 416px; top: 96px; width: 48px; height: 48px;"
          />
          <div
            class="cell"
            data-testid="cell-dot-marker"
            style="left: 496px; top: 96px; width: 48px; height: 48px;"
          />
          <div
            class="cell"
            data-testid="cell-dot-marker"
            style="left: 576px; top: 96px; width: 48px; height: 48px;"
          />
          <div
            class="cell"
            data-testid="cell-dot-marker"
            style="left: 656px; top: 96px; width: 48px; height: 48px;"
          />
          <div
            class="cell"
            data-testid="cell-dot-marker"
            style="left: 736px; top: 96px; width: 48px; height: 48px;"
          />
          <div
            class="cell"
            data-testid="cell-dot-marker"
            style="left: 16px; top: 176px; width: 48px; height: 48px;"
          />
          <div
            class="cell"
            data-testid="cell-dot-marker"
            style="left: 96px; top: 176px; width: 48px; height: 48px;"
          />
          <div
            class="cell"
            data-testid="cell-dot-marker"
            style="left: 176px; top: 176px; width: 48px; height: 48px;"
          />
          <div
            class="cell"
            data-testid="cell-dot-marker"
            style="left: 256px; top: 176px; width: 48px; height: 48px;"
          />
          <div
            class="cell"
            data-testid="cell-dot-marker"
            style="left: 336px; top: 176px; width: 48px; height: 48px;"
          />
          <div
            class="cell"
            data-testid="cell-dot-marker"
            style="left: 416px; top: 176px; width: 48px; height: 48px;"
          />
          <div
            class="cell"
            data-testid="cell-dot-marker"
            style="left: 496px; top: 176px; width: 48px; height: 48px;"
          />
          <div
            class="cell"
            data-testid="cell-dot-marker"
            style="left: 576px; top: 176px; width: 48px; height: 48px;"
          />
          <div
            class="cell"
            data-testid="cell-dot-marker"
            style="left: 656px; top: 176px; width: 48px; height: 48px;"
          />
          <div
            class="cell"
            data-testid="cell-dot-marker"
            style="left: 736px; top: 176px; width: 48px; height: 48px;"
          />
          <div
            class="cell"
            data-testid="cell-dot-marker"
            style="left: 16px; top: 256px; width: 48px; height: 48px;"
          />
          <div
            class="cell"
            data-testid="cell-dot-marker"
            style="left: 96px; top: 256px; width: 48px; height: 48px;"
          />
          <div
            class="cell"
            data-testid="cell-dot-marker"
            style="left: 176px; top: 256px; width: 48px; height: 48px;"
          />
          <div
            class="cell"
            data-testid="cell-dot-marker"
            style="left: 256px; top: 256px; width: 48px; height: 48px;"
          />
          <div
            class="cell"
            data-testid="cell-dot-marker"
            style="left: 336px; top: 256px; width: 48px; height: 48px;"
          />
          <div
            class="cell"
            data-testid="cell-dot-marker"
            style="left: 416px; top: 256px; width: 48px; height: 48px;"
          />
          <div
            class="cell"
            data-testid="cell-dot-marker"
            style="left: 496px; top: 256px; width: 48px; height: 48px;"
          />
          <div
            class="cell"
            data-testid="cell-dot-marker"
            style="left: 576px; top: 256px; width: 48px; height: 48px;"
          />
          <div
            class="cell"
            data-testid="cell-dot-marker"
            style="left: 656px; top: 256px; width: 48px; height: 48px;"
          />
          <div
            class="cell"
            data-testid="cell-dot-marker"
            style="left: 736px; top: 256px; width: 48px; height: 48px;"
          />
          <div
            class="cell"
            data-testid="cell-dot-marker"
            style="left: 16px; top: 336px; width: 48px; height: 48px;"
          />
          <div
            class="cell"
            data-testid="cell-dot-marker"
            style="left: 96px; top: 336px; width: 48px; height: 48px;"
          />
          <div
            class="cell"
            data-testid="cell-dot-marker"
            style="left: 176px; top: 336px; width: 48px; height: 48px;"
          />
          <div
            class="cell"
            data-testid="cell-dot-marker"
            style="left: 256px; top: 336px; width: 48px; height: 48px;"
          />
          <div
            class="cell"
            data-testid="cell-dot-marker"
            style="left: 336px; top: 336px; width: 48px; height: 48px;"
          />
          <div
            class="cell"
            data-testid="cell-dot-marker"
            style="left: 416px; top: 336px; width: 48px; height: 48px;"
          />
          <div
            class="cell"
            data-testid="cell-dot-marker"
            style="left: 496px; top: 336px; width: 48px; height: 48px;"
          />
          <div
            class="cell"
            data-testid="cell-dot-marker"
            style="left: 576px; top: 336px; width: 48px; height: 48px;"
          />
          <div
            class="cell"
            data-testid="cell-dot-marker"
            style="left: 656px; top: 336px; width: 48px; height: 48px;"
          />
          <div
            class="cell"
            data-testid="cell-dot-marker"
            style="left: 736px; top: 336px; width: 48px; height: 48px;"
          />
        </div>
      </div>
    </div>
  </div>,
  "debug": [Function],
  "findAllByAltText": [Function],
  "findAllByDisplayValue": [Function],
  "findAllByLabelText": [Function],
  "findAllByPlaceholderText": [Function],
  "findAllByRole": [Function],
  "findAllByTestId": [Function],
  "findAllByText": [Function],
  "findAllByTitle": [Function],
  "findByAltText": [Function],
  "findByDisplayValue": [Function],
  "findByLabelText": [Function],
  "findByPlaceholderText": [Function],
  "findByRole": [Function],
  "findByTestId": [Function],
  "findByText": [Function],
  "findByTitle": [Function],
  "getAllByAltText": [Function],
  "getAllByDisplayValue": [Function],
  "getAllByLabelText": [Function],
  "getAllByPlaceholderText": [Function],
  "getAllByRole": [Function],
  "getAllByTestId": [Function],
  "getAllByText": [Function],
  "getAllByTitle": [Function],
  "getByAltText": [Function],
  "getByDisplayValue": [Function],
  "getByLabelText": [Function],
  "getByPlaceholderText": [Function],
  "getByRole": [Function],
  "getByTestId": [Function],
  "getByText": [Function],
  "getByTitle": [Function],
  "queryAllByAltText": [Function],
  "queryAllByDisplayValue": [Function],
  "queryAllByLabelText": [Function],
  "queryAllByPlaceholderText": [Function],
  "queryAllByRole": [Function],
  "queryAllByTestId": [Function],
  "queryAllByText": [Function],
  "queryAllByTitle": [Function],
  "queryByAltText": [Function],
  "queryByDisplayValue": [Function],
  "queryByLabelText": [Function],
  "queryByPlaceholderText": [Function],
  "queryByRole": [Function],
  "queryByTestId": [Function],
  "queryByText": [Function],
  "queryByTitle": [Function],
  "rerender": [Function],
  "unmount": [Function],
}
`;
